ARM Linker, 4.1 [Build 894] [Standard]

==============================================================================

Section Cross References

    lpc2300.o(STACK) refers (Special) to heapauxi.o(.text) for __use_two_region_memory
    lpc2300.o(HEAP) refers (Special) to heapauxi.o(.text) for __use_two_region_memory
    lpc2300.o(RESET) refers (Special) to heapauxi.o(.text) for __use_two_region_memory
    lpc2300.o(RESET) refers to portasm.o(PORT_ASM) for vPortYieldProcessor
    lpc2300.o(RESET) refers to lpc2300.o(STACK) for Stack_Top
    lpc2300.o(RESET) refers to __main.o(!!!main) for __main
    lpc2300.o(.text) refers (Special) to heapauxi.o(.text) for __use_two_region_memory
    lpc2300.o(.text) refers to lpc2300.o(HEAP) for Heap_Mem
    lpc2300.o(.text) refers to lpc2300.o(STACK) for Stack_Mem
    main.o(.text) refers to port.o(.text) for vPortEnterCritical
    main.o(.text) refers to tasks.o(.text) for vTaskSuspend
    main.o(.text) refers to main.o(.constdata) for UserFont
    main.o(.text) refers to main.o(.data) for ch
    main.o(.text) refers to aeabi_sdiv.o(.text) for __aeabi_idivmod
    main.o(.text) refers to main.o(.bss) for strDisplay
    tasks.o(.text) refers to list.o(.text) for vListInitialise
    tasks.o(.text) refers to strncpy.o(.text) for strncpy
    tasks.o(.text) refers to heap_2.o(.text) for pvPortMalloc
    tasks.o(.text) refers to aeabi_memset.o(.text) for __aeabi_memset
    tasks.o(.text) refers to port.o(.text) for pxPortInitialiseStack
    tasks.o(.text) refers to portasm.o(PORT_ASM) for vPortYield
    tasks.o(.text) refers to tasks.o(.bss) for pxReadyTasksLists
    tasks.o(.text) refers to tasks.o(.data) for pxDelayedTaskList
    heap_2.o(.text) refers to tasks.o(.text) for vTaskSuspendAll
    heap_2.o(.text) refers to heap_2.o(.data) for xHeapHasBeenInitialised
    heap_2.o(.text) refers to heap_2.o(.bss) for xHeap
    port.o(.text) refers to portasm.o(PORT_ASM) for vPortStartFirstTask
    port.o(.text) refers to port.o(.data) for x
    portasm.o(PORT_ASM) refers to tasks.o(.data) for pxCurrentTCB
    portasm.o(PORT_ASM) refers to port.o(.data) for ulCriticalNesting
    portasm.o(PORT_ASM) refers to tasks.o(.text) for vTaskSwitchContext
    queue.o(.text) refers to heap_2.o(.text) for pvPortMalloc
    queue.o(.text) refers to list.o(.text) for vListInitialise
    queue.o(.text) refers to port.o(.text) for vPortEnterCritical
    queue.o(.text) refers to tasks.o(.text) for xTaskRemoveFromEventList
    queue.o(.text) refers to rt_memcpy.o(.text) for __aeabi_memcpy
    queue.o(.text) refers to portasm.o(PORT_ASM) for vPortYield
    croutine.o(.text) refers to list.o(.text) for vListInitialise
    croutine.o(.text) refers to heap_2.o(.text) for pvPortMalloc
    croutine.o(.text) refers to tasks.o(.text) for xTaskGetTickCount
    croutine.o(.text) refers to croutine.o(.bss) for pxReadyCoRoutineLists
    croutine.o(.text) refers to croutine.o(.data) for pxDelayedCoRoutineList
    semtest.o(.text) refers to port.o(.text) for vPortEnterCritical
    semtest.o(.text) refers to queue.o(.text) for xQueueGenericReceive
    semtest.o(.text) refers to tasks.o(.text) for vTaskDelay
    semtest.o(.text) refers to portasm.o(PORT_ASM) for vPortYield
    semtest.o(.text) refers to heap_2.o(.text) for pvPortMalloc
    semtest.o(.text) refers to semtest.o(.data) for sNextCheckVariable
    blockq.o(.text) refers to queue.o(.text) for xQueueGenericReceive
    blockq.o(.text) refers to heap_2.o(.text) for pvPortMalloc
    blockq.o(.text) refers to tasks.o(.text) for xTaskGenericCreate
    blockq.o(.text) refers to blockq.o(.data) for sBlockingConsumerCount
    dynamic.o(.text) refers to tasks.o(.text) for vTaskSuspendAll
    dynamic.o(.text) refers to queue.o(.text) for xQueueGenericReceive
    dynamic.o(.text) refers to port.o(.text) for vPortEnterCritical
    dynamic.o(.text) refers to dynamic.o(.data) for ulReceivedValue
    flash.o(.text) refers to port.o(.text) for vPortEnterCritical
    flash.o(.text) refers to tasks.o(.text) for xTaskGetTickCount
    flash.o(.text) refers to partest.o(.text) for vParTestToggleLED
    flash.o(.text) refers to flash.o(.data) for uxFlashTaskNumber
    pollq.o(.text) refers to queue.o(.text) for xQueueGenericSend
    pollq.o(.text) refers to port.o(.text) for vPortEnterCritical
    pollq.o(.text) refers to tasks.o(.text) for vTaskDelay
    pollq.o(.text) refers to pollq.o(.data) for xPollingProducerCount
    rt_memcpy.o(.text) refers to rt_memcpy_w.o(.text) for __aeabi_memcpy4
    aeabi_memset.o(.text) refers to rt_memclr.o(.text) for _memset
    strncpy.o(.text) refers to rt_memclr.o(.text) for __aeabi_memclr
    aeabi_sdiv.o(.text_udiv) refers to aeabi_sdiv.o(.text) for __arm_div2
    aeabi_sdiv_div0.o(.text_udiv) refers to aeabi_sdiv_div0.o(.text) for __arm_div2
    __main.o(!!!main) refers to rtentry.o(.ARM.Collect$$rtentry$$00000000) for __rt_entry
    rtentry.o(.ARM.Collect$$rtentry$$00000000) refers (Special) to rtentry2.o(.ARM.Collect$$rtentry$$0000000A) for __rt_entry_li
    rtentry.o(.ARM.Collect$$rtentry$$00000000) refers (Special) to rtentry2.o(.ARM.Collect$$rtentry$$0000000D) for __rt_entry_main
    rtentry.o(.ARM.Collect$$rtentry$$00000000) refers (Special) to rtentry2.o(.ARM.Collect$$rtentry$$0000000C) for __rt_entry_postli_1
    rtentry.o(.ARM.Collect$$rtentry$$00000000) refers (Special) to rtentry2.o(.ARM.Collect$$rtentry$$00000009) for __rt_entry_postsh_1
    rtentry.o(.ARM.Collect$$rtentry$$00000000) refers (Special) to rtentry2.o(.ARM.Collect$$rtentry$$00000002) for __rt_entry_presh_1
    rtentry.o(.ARM.Collect$$rtentry$$00000000) refers (Special) to rtentry4.o(.ARM.Collect$$rtentry$$00000004) for __rt_entry_sh
    aeabi_idiv0_sigfpe.o(.text) refers to rt_div0.o(.text) for __rt_div0
    rt_memclr.o(.text) refers to rt_memclr_w.o(.text) for _memset_w
    rtentry2.o(.ARM.Collect$$rtentry$$00000008) refers to boardinit2.o(.text) for _platform_post_stackheap_init
    rtentry2.o(.ARM.Collect$$rtentry$$0000000A) refers to libinit.o(.ARM.Collect$$libinit$$00000000) for __rt_lib_init
    rtentry2.o(.ARM.Collect$$rtentry$$0000000B) refers to boardinit3.o(.text) for _platform_post_lib_init
    rtentry2.o(.ARM.Collect$$rtentry$$0000000D) refers to exit.o(.text) for exit
    rtentry2.o(.ARM.Collect$$rtentry$$0000000D) refers to main.o(.text) for main
    rtentry2.o(.ARM.exidx) refers to rtentry2.o(.ARM.Collect$$rtentry$$00000001) for .ARM.Collect$$rtentry$$00000001
    rtentry2.o(.ARM.exidx) refers to rtentry2.o(.ARM.Collect$$rtentry$$00000008) for .ARM.Collect$$rtentry$$00000008
    rtentry2.o(.ARM.exidx) refers to rtentry2.o(.ARM.Collect$$rtentry$$0000000A) for .ARM.Collect$$rtentry$$0000000A
    rtentry2.o(.ARM.exidx) refers to rtentry2.o(.ARM.Collect$$rtentry$$0000000B) for .ARM.Collect$$rtentry$$0000000B
    rtentry2.o(.ARM.exidx) refers to rtentry2.o(.ARM.Collect$$rtentry$$0000000D) for .ARM.Collect$$rtentry$$0000000D
    rtentry4.o(.ARM.Collect$$rtentry$$00000004) refers to sys_stackheap_outer.o(.text) for __user_setup_stackheap
    rtentry4.o(.ARM.exidx) refers to rtentry4.o(.ARM.Collect$$rtentry$$00000004) for .ARM.Collect$$rtentry$$00000004
    rt_div0.o(.text) refers to defsig_fpe_outer.o(.text) for __rt_SIGFPE
    sys_stackheap_outer.o(.text) refers to libspace.o(.text) for __user_perproc_libspace
    sys_stackheap_outer.o(.text) refers to lpc2300.o(.text) for __user_initial_stackheap
    exit.o(.text) refers to rtexit.o(.ARM.Collect$$rtexit$$00000000) for __rt_exit
    defsig_fpe_outer.o(.text) refers to defsig_fpe_inner.o(.text) for __rt_SIGFPE_inner
    defsig_fpe_outer.o(.text) refers to defsig_exit.o(.text) for __sig_exit
    defsig_fpe_formal.o(.text) refers to rt_raise.o(.text) for __rt_raise
    libinit.o(.ARM.Collect$$libinit$$00000000) refers (Special) to libinit2.o(.ARM.Collect$$libinit$$0000002A) for __rt_lib_init_alloca_1
    libinit.o(.ARM.Collect$$libinit$$00000000) refers (Special) to libinit2.o(.ARM.Collect$$libinit$$00000028) for __rt_lib_init_argv_1
    libinit.o(.ARM.Collect$$libinit$$00000000) refers (Special) to libinit2.o(.ARM.Collect$$libinit$$00000017) for __rt_lib_init_atexit_1
    libinit.o(.ARM.Collect$$libinit$$00000000) refers (Special) to libinit2.o(.ARM.Collect$$libinit$$0000001D) for __rt_lib_init_clock_1
    libinit.o(.ARM.Collect$$libinit$$00000000) refers (Special) to libinit2.o(.ARM.Collect$$libinit$$0000002E) for __rt_lib_init_cpp_1
    libinit.o(.ARM.Collect$$libinit$$00000000) refers (Special) to libinit2.o(.ARM.Collect$$libinit$$0000002C) for __rt_lib_init_exceptions_1
    libinit.o(.ARM.Collect$$libinit$$00000000) refers (Special) to libinit2.o(.ARM.Collect$$libinit$$0000001B) for __rt_lib_init_fp_trap_1
    libinit.o(.ARM.Collect$$libinit$$00000000) refers (Special) to libinit2.o(.ARM.Collect$$libinit$$0000001F) for __rt_lib_init_getenv_1
    libinit.o(.ARM.Collect$$libinit$$00000000) refers (Special) to libinit2.o(.ARM.Collect$$libinit$$00000006) for __rt_lib_init_heap_1
    libinit.o(.ARM.Collect$$libinit$$00000000) refers (Special) to libinit2.o(.ARM.Collect$$libinit$$0000000D) for __rt_lib_init_lc_collate_1
    libinit.o(.ARM.Collect$$libinit$$00000000) refers (Special) to libinit2.o(.ARM.Collect$$libinit$$0000000F) for __rt_lib_init_lc_ctype_1
    libinit.o(.ARM.Collect$$libinit$$00000000) refers (Special) to libinit2.o(.ARM.Collect$$libinit$$00000011) for __rt_lib_init_lc_monetary_1
    libinit.o(.ARM.Collect$$libinit$$00000000) refers (Special) to libinit2.o(.ARM.Collect$$libinit$$00000013) for __rt_lib_init_lc_numeric_1
    libinit.o(.ARM.Collect$$libinit$$00000000) refers (Special) to libinit2.o(.ARM.Collect$$libinit$$00000015) for __rt_lib_init_lc_time_1
    libinit.o(.ARM.Collect$$libinit$$00000000) refers (Special) to libinit2.o(.ARM.Collect$$libinit$$0000000A) for __rt_lib_init_rand_1
    libinit.o(.ARM.Collect$$libinit$$00000000) refers (Special) to libinit2.o(.ARM.Collect$$libinit$$0000002F) for __rt_lib_init_return
    libinit.o(.ARM.Collect$$libinit$$00000000) refers (Special) to libinit2.o(.ARM.Collect$$libinit$$00000019) for __rt_lib_init_signal_1
    libinit.o(.ARM.Collect$$libinit$$00000000) refers (Special) to libinit2.o(.ARM.Collect$$libinit$$00000021) for __rt_lib_init_stdio_1
    libinit.o(.ARM.Collect$$libinit$$00000000) refers (Special) to libinit2.o(.ARM.Collect$$libinit$$00000008) for __rt_lib_init_user_alloc_1
    libinit.o(.ARM.Collect$$libinit$$00000000) refers to fpinit.o(x$fpl$fpinit) for _fp_init
    libspace.o(.text) refers to libspace.o(.bss) for __libspace_start
    rtexit.o(.ARM.Collect$$rtexit$$00000000) refers (Special) to rtexit2.o(.ARM.Collect$$rtexit$$00000004) for __rt_exit_exit
    rtexit.o(.ARM.Collect$$rtexit$$00000000) refers (Special) to rtexit2.o(.ARM.Collect$$rtexit$$00000003) for __rt_exit_ls
    rtexit.o(.ARM.Collect$$rtexit$$00000000) refers (Special) to rtexit2.o(.ARM.Collect$$rtexit$$00000002) for __rt_exit_prels_1
    rtexit.o(.ARM.exidx) refers (Special) to rtexit2.o(.ARM.Collect$$rtexit$$00000004) for __rt_exit_exit
    rtexit.o(.ARM.exidx) refers (Special) to rtexit2.o(.ARM.Collect$$rtexit$$00000003) for __rt_exit_ls
    rtexit.o(.ARM.exidx) refers (Special) to rtexit2.o(.ARM.Collect$$rtexit$$00000002) for __rt_exit_prels_1
    rtexit.o(.ARM.exidx) refers to rtexit.o(.ARM.Collect$$rtexit$$00000000) for .ARM.Collect$$rtexit$$00000000
    rt_raise.o(.text) refers to __raise.o(.text) for __raise
    rt_raise.o(.text) refers to sys_exit.o(.text) for _sys_exit
    defsig_exit.o(.text) refers to sys_exit.o(.text) for _sys_exit
    defsig_fpe_inner.o(.text) refers to defsig_general.o(.text) for __default_signal_display
    libinit2.o(.ARM.Collect$$libinit$$0000000C) refers to libinit2.o(.ARM.Collect$$libinit$$0000000B) for .ARM.Collect$$libinit$$0000000B
    libinit2.o(.ARM.Collect$$libinit$$0000000E) refers to libinit2.o(.ARM.Collect$$libinit$$0000000B) for .ARM.Collect$$libinit$$0000000B
    libinit2.o(.ARM.Collect$$libinit$$00000010) refers to libinit2.o(.ARM.Collect$$libinit$$0000000B) for .ARM.Collect$$libinit$$0000000B
    libinit2.o(.ARM.Collect$$libinit$$00000012) refers to libinit2.o(.ARM.Collect$$libinit$$0000000B) for .ARM.Collect$$libinit$$0000000B
    libinit2.o(.ARM.Collect$$libinit$$00000014) refers to libinit2.o(.ARM.Collect$$libinit$$0000000B) for .ARM.Collect$$libinit$$0000000B
    libinit2.o(.ARM.Collect$$libinit$$00000022) refers to argv_veneer.o(.emb_text) for __ARM_argv_veneer
    libinit2.o(.ARM.Collect$$libinit$$00000023) refers to argv_veneer.o(.emb_text) for __ARM_argv_veneer
    fpinit.o(x$fpl$fpinit) refers to rt_fp_status_addr_intlibspace.o(.text) for __rt_fp_status_addr
    sys_exit.o(.text) refers (Special) to use_no_semi.o(.text) for __I$use$semihosting
    sys_exit.o(.text) refers (Special) to indicate_semi.o(.text) for __semihosting_library_function
    rtexit2.o(.ARM.Collect$$rtexit$$00000003) refers to libshutdown.o(.ARM.Collect$$libshutdown$$00000000) for __rt_lib_shutdown
    rtexit2.o(.ARM.Collect$$rtexit$$00000004) refers to sys_exit.o(.text) for _sys_exit
    rtexit2.o(.ARM.exidx) refers to rtexit2.o(.ARM.Collect$$rtexit$$00000001) for .ARM.Collect$$rtexit$$00000001
    rtexit2.o(.ARM.exidx) refers to rtexit2.o(.ARM.Collect$$rtexit$$00000003) for .ARM.Collect$$rtexit$$00000003
    rtexit2.o(.ARM.exidx) refers to rtexit2.o(.ARM.Collect$$rtexit$$00000004) for .ARM.Collect$$rtexit$$00000004
    rt_fp_status_addr.o(.text) refers to rt_fp_status_addr.o(.bss) for __rt_fp_status_addr_data
    rt_fp_status_addr_intlibspace.o(.text) refers to libspace.o(.bss) for __libspace_start
    __raise.o(.text) refers to __raise.o(i.__ARM_common_call_via_r2) for __ARM_common_call_via_r2
    __raise.o(.text) refers to defsig.o(CL$$defsig) for __default_signal_handler
    defsig_general.o(.text) refers to sys_wrch.o(.text) for _ttywrch
    argv_veneer.o(.emb_text) refers to no_argv.o(.text) for __ARM_get_argv
    sys_wrch.o(.text) refers (Special) to use_no_semi.o(.text) for __I$use$semihosting
    sys_wrch.o(.text) refers (Special) to indicate_semi.o(.text) for __semihosting_library_function
    defsig.o(CL$$defsig) refers to defsig_fpe_inner.o(.text) for __rt_SIGFPE_inner
    defsig.o(CL$$defsig) refers to defsig_rtmem_inner.o(.text) for __rt_SIGRTMEM_inner
    _get_argv_nomalloc.o(.text) refers (Special) to hrguard.o(.text) for __heap_region$guard
    _get_argv_nomalloc.o(.text) refers to defsig_rtmem_outer.o(.text) for __rt_SIGRTMEM
    _get_argv_nomalloc.o(.text) refers to sys_command.o(.text) for _sys_command_string
    libshutdown.o(.ARM.Collect$$libshutdown$$00000000) refers (Special) to libshutdown2.o(.ARM.Collect$$libshutdown$$00000006) for __rt_lib_shutdown_fp_trap_1
    libshutdown.o(.ARM.Collect$$libshutdown$$00000000) refers (Special) to libshutdown2.o(.ARM.Collect$$libshutdown$$0000000E) for __rt_lib_shutdown_heap_1
    libshutdown.o(.ARM.Collect$$libshutdown$$00000000) refers (Special) to libshutdown2.o(.ARM.Collect$$libshutdown$$0000000F) for __rt_lib_shutdown_return
    libshutdown.o(.ARM.Collect$$libshutdown$$00000000) refers (Special) to libshutdown2.o(.ARM.Collect$$libshutdown$$00000009) for __rt_lib_shutdown_signal_1
    libshutdown.o(.ARM.Collect$$libshutdown$$00000000) refers (Special) to libshutdown2.o(.ARM.Collect$$libshutdown$$00000003) for __rt_lib_shutdown_stdio_1
    libshutdown.o(.ARM.Collect$$libshutdown$$00000000) refers (Special) to libshutdown2.o(.ARM.Collect$$libshutdown$$0000000B) for __rt_lib_shutdown_user_alloc_1
    sys_command.o(.text) refers (Special) to use_no_semi.o(.text) for __I$use$semihosting
    sys_command.o(.text) refers (Special) to indicate_semi.o(.text) for __semihosting_library_function
    defsig_abrt_inner.o(.text) refers to defsig_general.o(.text) for __default_signal_display
    defsig_rtred_inner.o(.text) refers to defsig_general.o(.text) for __default_signal_display
    defsig_rtmem_inner.o(.text) refers to defsig_general.o(.text) for __default_signal_display
    defsig_rtmem_outer.o(.text) refers to defsig_rtmem_inner.o(.text) for __rt_SIGRTMEM_inner
    defsig_rtmem_outer.o(.text) refers to defsig_exit.o(.text) for __sig_exit
    defsig_rtmem_formal.o(.text) refers to rt_raise.o(.text) for __rt_raise
    defsig_stak_inner.o(.text) refers to defsig_general.o(.text) for __default_signal_display
    defsig_pvfn_inner.o(.text) refers to defsig_general.o(.text) for __default_signal_display
    defsig_cppl_inner.o(.text) refers to defsig_general.o(.text) for __default_signal_display
    defsig_segv_inner.o(.text) refers to defsig_general.o(.text) for __default_signal_display
    defsig_other.o(.text) refers to defsig_general.o(.text) for __default_signal_display


==============================================================================

Removing Unused input sections from the image.

    Removing partest.o(.text), (120 bytes).
    Removing queue.o(.text), (1948 bytes).
    Removing croutine.o(.text), (1352 bytes).
    Removing croutine.o(.bss), (100 bytes).
    Removing croutine.o(.data), (28 bytes).
    Removing semtest.o(.text), (832 bytes).
    Removing semtest.o(.data), (18 bytes).
    Removing blockq.o(.text), (1004 bytes).
    Removing blockq.o(.data), (24 bytes).
    Removing dynamic.o(.text), (1012 bytes).
    Removing dynamic.o(.data), (44 bytes).
    Removing flash.o(.text), (212 bytes).
    Removing flash.o(.data), (4 bytes).
    Removing pollq.o(.text), (512 bytes).
    Removing pollq.o(.data), (12 bytes).

15 unused section(s) (total 7222 bytes) removed from the image.

==============================================================================

Adding Veneers to the image

    Adding AT veneer (8 bytes, Inline) for call to '__rt_lib_init' from rtentry2.o(.ARM.Collect$$rtentry$$0000000A).
    Adding AT veneer (8 bytes, Inline) for call to '__rt_lib_shutdown' from rtexit2.o(.ARM.Collect$$rtexit$$00000003).
    Adding TA veneer (4 bytes, Inline) for call to '__rt_exit' from exit.o(.text).
    Adding AT veneer (8 bytes, Inline) for call to '_sys_exit' from rtexit2.o(.ARM.Collect$$rtexit$$00000004).
    Adding TA veneer (4 bytes, Inline) for call to '_fp_init' from libinit.o(.ARM.Collect$$libinit$$00000000).

5 Veneer(s) (total 32 bytes) added to the image.

==============================================================================

Image Symbol Table

    Local Symbols

    Symbol Name                              Value     Ov Type        Size  Object(Section)

    RESET                                    0x00000000   Section      552  lpc2300.o(RESET)
    ../../angel/boardlib.s                   0x00000000   Number         0  boardinit3.o ABSOLUTE
    ../../angel/boardlib.s                   0x00000000   Number         0  boardshut.o ABSOLUTE
    ../../angel/boardlib.s                   0x00000000   Number         0  boardinit2.o ABSOLUTE
    ../../angel/boardlib.s                   0x00000000   Number         0  boardinit1.o ABSOLUTE
    ../../angel/handlers.s                   0x00000000   Number         0  __scatter_copy.o ABSOLUTE
    ../../angel/handlers.s                   0x00000000   Number         0  __scatter_zi.o ABSOLUTE
    ../../angel/kernel.s                     0x00000000   Number         0  rtexit.o ABSOLUTE
    ../../angel/kernel.s                     0x00000000   Number         0  rtexit2.o ABSOLUTE
    ../../angel/kernel.s                     0x00000000   Number         0  rtentry2.o ABSOLUTE
    ../../angel/kernel.s                     0x00000000   Number         0  rtentry.o ABSOLUTE
    ../../angel/kernel.s                     0x00000000   Number         0  rtentry4.o ABSOLUTE
    ../../angel/rt.s                         0x00000000   Number         0  rt_div0.o ABSOLUTE
    ../../angel/rt.s                         0x00000000   Number         0  rt_raise.o ABSOLUTE
    ../../angel/rt.s                         0x00000000   Number         0  rt_fp_status_addr_intlibspace.o ABSOLUTE
    ../../angel/rt.s                         0x00000000   Number         0  aeabi_idiv0_sigfpe.o ABSOLUTE
    ../../angel/rt.s                         0x00000000   Number         0  aeabi_idiv0.o ABSOLUTE
    ../../angel/rt.s                         0x00000000   Number         0  rt_fp_status_addr.o ABSOLUTE
    ../../angel/scatter.s                    0x00000000   Number         0  __scatter.o ABSOLUTE
    ../../angel/startup.s                    0x00000000   Number         0  __main.o ABSOLUTE
    ../../angel/sys.s                        0x00000000   Number         0  sys_stackheap_outer.o ABSOLUTE
    ../../angel/sys.s                        0x00000000   Number         0  libspace.o ABSOLUTE
    ../../angel/sys.s                        0x00000000   Number         0  indicate_semi.o ABSOLUTE
    ../../angel/sys.s                        0x00000000   Number         0  use_no_semi.o ABSOLUTE
    ../../angel/sysapp.c                     0x00000000   Number         0  sys_exit.o ABSOLUTE
    ../../angel/sysapp.c                     0x00000000   Number         0  sys_wrch.o ABSOLUTE
    ../../angel/sysapp.c                     0x00000000   Number         0  sys_command.o ABSOLUTE
    ../../armsys.c                           0x00000000   Number         0  argv_veneer.o ABSOLUTE
    ../../armsys.c                           0x00000000   Number         0  argv_veneer.o ABSOLUTE
    ../../armsys.c                           0x00000000   Number         0  _get_argv_nomalloc.o ABSOLUTE
    ../../armsys.c                           0x00000000   Number         0  no_argv.o ABSOLUTE
    ../../division.s                         0x00000000   Number         0  aeabi_sdiv_div0.o ABSOLUTE
    ../../division.s                         0x00000000   Number         0  aeabi_sdiv.o ABSOLUTE
    ../../divrt.s                            0x00000000   Number         0  divrt_7tdmi_div0.o ABSOLUTE
    ../../divrt.s                            0x00000000   Number         0  divrt_7tdmi.o ABSOLUTE
    ../../fpinit.s                           0x00000000   Number         0  fpinit.o ABSOLUTE
    ../../heapalloc.c                        0x00000000   Number         0  hrguard.o ABSOLUTE
    ../../heapaux.c                          0x00000000   Number         0  heapauxi.o ABSOLUTE
    ../../libinit.s                          0x00000000   Number         0  libinit.o ABSOLUTE
    ../../libinit.s                          0x00000000   Number         0  libshutdown2.o ABSOLUTE
    ../../libinit.s                          0x00000000   Number         0  libshutdown.o ABSOLUTE
    ../../libinit.s                          0x00000000   Number         0  libinit2.o ABSOLUTE
    ../../memcpset.s                         0x00000000   Number         0  rt_memcpy.o ABSOLUTE
    ../../memcpset.s                         0x00000000   Number         0  strncpy.o ABSOLUTE
    ../../memcpset.s                         0x00000000   Number         0  aeabi_memset.o ABSOLUTE
    ../../memcpset.s                         0x00000000   Number         0  rt_memclr_w.o ABSOLUTE
    ../../memcpset.s                         0x00000000   Number         0  rt_memclr.o ABSOLUTE
    ../../memcpset.s                         0x00000000   Number         0  rt_memcpy_w.o ABSOLUTE
    ../../signal.c                           0x00000000   Number         0  defsig_abrt_inner.o ABSOLUTE
    ../../signal.c                           0x00000000   Number         0  defsig_rtmem_formal.o ABSOLUTE
    ../../signal.c                           0x00000000   Number         0  defsig_stak_inner.o ABSOLUTE
    ../../signal.c                           0x00000000   Number         0  defsig_pvfn_inner.o ABSOLUTE
    ../../signal.c                           0x00000000   Number         0  defsig_rtred_inner.o ABSOLUTE
    ../../signal.c                           0x00000000   Number         0  defsig_cppl_inner.o ABSOLUTE
    ../../signal.c                           0x00000000   Number         0  defsig_segv_inner.o ABSOLUTE
    ../../signal.c                           0x00000000   Number         0  defsig_other.o ABSOLUTE
    ../../signal.c                           0x00000000   Number         0  defsig_general.o ABSOLUTE
    ../../signal.c                           0x00000000   Number         0  __raise.o ABSOLUTE
    ../../signal.c                           0x00000000   Number         0  defsig_fpe_inner.o ABSOLUTE
    ../../signal.c                           0x00000000   Number         0  defsig_exit.o ABSOLUTE
    ../../signal.c                           0x00000000   Number         0  defsig_fpe_outer.o ABSOLUTE
    ../../signal.c                           0x00000000   Number         0  defsig_rtmem_inner.o ABSOLUTE
    ../../signal.c                           0x00000000   Number         0  defsig_fpe_formal.o ABSOLUTE
    ../../signal.c                           0x00000000   Number         0  defsig_rtmem_outer.o ABSOLUTE
    ../../signal.s                           0x00000000   Number         0  defsig.o ABSOLUTE
    ../../stdlib.c                           0x00000000   Number         0  exit.o ABSOLUTE
    ..\Minimal\BlockQ.c                      0x00000000   Number         0  blockq.o ABSOLUTE
    ..\Minimal\PollQ.c                       0x00000000   Number         0  pollq.o ABSOLUTE
    ..\Minimal\dynamic.c                     0x00000000   Number         0  dynamic.o ABSOLUTE
    ..\Minimal\flash.c                       0x00000000   Number         0  flash.o ABSOLUTE
    ..\Minimal\semtest.c                     0x00000000   Number         0  semtest.o ABSOLUTE
    ..\Source\croutine.c                     0x00000000   Number         0  croutine.o ABSOLUTE
    ..\Source\list.c                         0x00000000   Number         0  list.o ABSOLUTE
    ..\Source\portable\MemMang\heap_2.c      0x00000000   Number         0  heap_2.o ABSOLUTE
    ..\Source\portable\RVDS\ARM7_LPC21xx\port.c 0x00000000   Number         0  port.o ABSOLUTE
    ..\Source\portable\RVDS\ARM7_LPC21xx\portASM.s 0x00000000   Number         0  portasm.o ABSOLUTE
    ..\Source\queue.c                        0x00000000   Number         0  queue.o ABSOLUTE
    ..\Source\tasks.c                        0x00000000   Number         0  tasks.o ABSOLUTE
    LPC2300.s                                0x00000000   Number         0  lpc2300.o ABSOLUTE
    ParTest\ParTest.c                        0x00000000   Number         0  partest.o ABSOLUTE
    dc.s                                     0x00000000   Number         0  dc.o ABSOLUTE
    main.c                                   0x00000000   Number         0  main.o ABSOLUTE
    Undef_Handler                            0x00000040   ARM Code       4  lpc2300.o(RESET)
    PAbt_Handler                             0x00000048   ARM Code       4  lpc2300.o(RESET)
    DAbt_Handler                             0x0000004c   ARM Code       4  lpc2300.o(RESET)
    IRQ_Handler                              0x00000050   ARM Code       4  lpc2300.o(RESET)
    FIQ_Handler                              0x00000054   ARM Code       4  lpc2300.o(RESET)
    !!!main                                  0x00000228   Section        8  __main.o(!!!main)
    !!!scatter                               0x00000230   Section       60  __scatter.o(!!!scatter)
    !!handler_copy                           0x0000026c   Section       40  __scatter_copy.o(!!handler_copy)
    !!handler_zi                             0x00000294   Section       44  __scatter_zi.o(!!handler_zi)
    .ARM.Collect$$libinit$$00000000          0x000002c8   Section        6  libinit.o(.ARM.Collect$$libinit$$00000000)
    .ARM.Collect$$libinit$$00000006          0x000002ce   Section        0  libinit2.o(.ARM.Collect$$libinit$$00000006)
    .ARM.Collect$$libinit$$00000008          0x000002ce   Section        0  libinit2.o(.ARM.Collect$$libinit$$00000008)
    .ARM.Collect$$libinit$$0000000A          0x000002ce   Section        0  libinit2.o(.ARM.Collect$$libinit$$0000000A)
    .ARM.Collect$$libinit$$0000000D          0x000002ce   Section        0  libinit2.o(.ARM.Collect$$libinit$$0000000D)
    .ARM.Collect$$libinit$$0000000F          0x000002ce   Section        0  libinit2.o(.ARM.Collect$$libinit$$0000000F)
    .ARM.Collect$$libinit$$00000011          0x000002ce   Section        0  libinit2.o(.ARM.Collect$$libinit$$00000011)
    .ARM.Collect$$libinit$$00000013          0x000002ce   Section        0  libinit2.o(.ARM.Collect$$libinit$$00000013)
    .ARM.Collect$$libinit$$00000015          0x000002ce   Section        0  libinit2.o(.ARM.Collect$$libinit$$00000015)
    .ARM.Collect$$libinit$$00000017          0x000002ce   Section        0  libinit2.o(.ARM.Collect$$libinit$$00000017)
    .ARM.Collect$$libinit$$00000019          0x000002ce   Section        0  libinit2.o(.ARM.Collect$$libinit$$00000019)
    .ARM.Collect$$libinit$$0000001B          0x000002ce   Section        0  libinit2.o(.ARM.Collect$$libinit$$0000001B)
    .ARM.Collect$$libinit$$0000001D          0x000002ce   Section        0  libinit2.o(.ARM.Collect$$libinit$$0000001D)
    .ARM.Collect$$libinit$$0000001F          0x000002ce   Section        0  libinit2.o(.ARM.Collect$$libinit$$0000001F)
    .ARM.Collect$$libinit$$00000021          0x000002ce   Section        0  libinit2.o(.ARM.Collect$$libinit$$00000021)
    .ARM.Collect$$libinit$$00000028          0x000002ce   Section        0  libinit2.o(.ARM.Collect$$libinit$$00000028)
    .ARM.Collect$$libinit$$0000002A          0x000002ce   Section        0  libinit2.o(.ARM.Collect$$libinit$$0000002A)
    .ARM.Collect$$libinit$$0000002C          0x000002ce   Section        0  libinit2.o(.ARM.Collect$$libinit$$0000002C)
    .ARM.Collect$$libinit$$0000002E          0x000002ce   Section        0  libinit2.o(.ARM.Collect$$libinit$$0000002E)
    .ARM.Collect$$libinit$$0000002F          0x000002ce   Section       12  libinit2.o(.ARM.Collect$$libinit$$0000002F)
    .ARM.Collect$$libshutdown$$00000000      0x000002e4   Section        4  libshutdown.o(.ARM.Collect$$libshutdown$$00000000)
    .ARM.Collect$$libshutdown$$00000003      0x000002e8   Section        0  libshutdown2.o(.ARM.Collect$$libshutdown$$00000003)
    .ARM.Collect$$libshutdown$$00000006      0x000002e8   Section        0  libshutdown2.o(.ARM.Collect$$libshutdown$$00000006)
    .ARM.Collect$$libshutdown$$00000009      0x000002e8   Section        0  libshutdown2.o(.ARM.Collect$$libshutdown$$00000009)
    .ARM.Collect$$libshutdown$$0000000B      0x000002e8   Section        0  libshutdown2.o(.ARM.Collect$$libshutdown$$0000000B)
    .ARM.Collect$$libshutdown$$0000000E      0x000002e8   Section        0  libshutdown2.o(.ARM.Collect$$libshutdown$$0000000E)
    .ARM.Collect$$libshutdown$$0000000F      0x000002e8   Section        6  libshutdown2.o(.ARM.Collect$$libshutdown$$0000000F)
    .ARM.Collect$$rtentry$$00000000          0x000002f0   Section        0  rtentry.o(.ARM.Collect$$rtentry$$00000000)
    .ARM.Collect$$rtentry$$00000002          0x000002f0   Section        0  rtentry2.o(.ARM.Collect$$rtentry$$00000002)
    .ARM.Collect$$rtentry$$00000004          0x000002f0   Section        8  rtentry4.o(.ARM.Collect$$rtentry$$00000004)
    .ARM.Collect$$rtentry$$00000009          0x000002f8   Section        0  rtentry2.o(.ARM.Collect$$rtentry$$00000009)
    .ARM.Collect$$rtentry$$0000000A          0x000002f8   Section        4  rtentry2.o(.ARM.Collect$$rtentry$$0000000A)
    .ARM.Collect$$rtentry$$0000000C          0x000002fc   Section        0  rtentry2.o(.ARM.Collect$$rtentry$$0000000C)
    .ARM.Collect$$rtentry$$0000000D          0x000002fc   Section       40  rtentry2.o(.ARM.Collect$$rtentry$$0000000D)
    .ARM.Collect$$rtexit$$00000000           0x00000328   Section        4  rtexit.o(.ARM.Collect$$rtexit$$00000000)
    .ARM.Collect$$rtexit$$00000002           0x0000032c   Section        0  rtexit2.o(.ARM.Collect$$rtexit$$00000002)
    .ARM.Collect$$rtexit$$00000003           0x0000032c   Section        4  rtexit2.o(.ARM.Collect$$rtexit$$00000003)
    .ARM.Collect$$rtexit$$00000004           0x00000330   Section        8  rtexit2.o(.ARM.Collect$$rtexit$$00000004)
    .text                                    0x00000338   Section       32  lpc2300.o(.text)
    .text                                    0x00000358   Section        0  main.o(.text)
    delay                                    0x00000358   ARM Code      24  main.o(.text)
    lcd_read_status                          0x00000370   ARM Code     188  main.o(.text)
    wait_while_busy                          0x0000042c   ARM Code      28  main.o(.text)
    lcd_write_data                           0x000004cc   ARM Code      48  main.o(.text)
    vLedToggle                               0x00000d0c   ARM Code      48  main.o(.text)
    prvSetupHardware                         0x00000d3c   ARM Code      28  main.o(.text)
    .text                                    0x00000f34   Section        0  tasks.o(.text)
    prvInitialiseTaskLists                   0x00000f34   ARM Code     112  tasks.o(.text)
    prvInitialiseTCBVariables                0x00000fa4   ARM Code     104  tasks.o(.text)
    prvAllocateTCBAndStack                   0x0000100c   ARM Code     116  tasks.o(.text)
    prvDeleteTCB                             0x00001a98   ARM Code      32  tasks.o(.text)
    prvCheckTasksWaitingTermination          0x00001ab8   ARM Code     184  tasks.o(.text)
    prvIdleTask                              0x00001b70   ARM Code      32  tasks.o(.text)
    .text                                    0x00001fa0   Section        0  list.o(.text)
    .text                                    0x000020b4   Section        0  heap_2.o(.text)
    .text                                    0x000022a4   Section        0  port.o(.text)
    prvSetupTimerInterrupt                   0x00002390   ARM Code     120  port.o(.text)
    .text                                    0x00002514   Section       16  aeabi_memset.o(.text)
    .text                                    0x00002524   Section      112  strncpy.o(.text)
    .text                                    0x00002594   Section      384  aeabi_sdiv.o(.text)
    __arm_div8                               0x000025c0   ARM Code       0  aeabi_sdiv.o(.text)
    __arm_div5                               0x000025e4   ARM Code       0  aeabi_sdiv.o(.text)
    __arm_div2                               0x00002608   ARM Code       0  aeabi_sdiv.o(.text)
    __arm_div_large                          0x00002644   ARM Code       0  aeabi_sdiv.o(.text)
    .text                                    0x00002714   Section        0  heapauxi.o(.text)
    .text                                    0x0000271c   Section       64  rt_memclr.o(.text)
    .text                                    0x0000275c   Section       84  rt_memclr_w.o(.text)
    .text                                    0x000027b0   Section       96  sys_stackheap_outer.o(.text)
    .text                                    0x00002810   Section        0  exit.o(.text)
    .text                                    0x0000281c   Section       12  libspace.o(.text)
    .text                                    0x00002830   Section        0  sys_exit.o(.text)
    .text                                    0x0000283c   Section       12  rt_fp_status_addr_intlibspace.o(.text)
    .text                                    0x00002848   Section        4  use_no_semi.o(.text)
    .text                                    0x0000284c   Section        0  indicate_semi.o(.text)
    PORT_ASM                                 0x0000284c   Section      388  portasm.o(PORT_ASM)
    x$fpl$fpinit                             0x000029d4   Section       24  fpinit.o(x$fpl$fpinit)
    .constdata                               0x000029ec   Section       64  main.o(.constdata)
    .data                                    0x40000000   Section       44  main.o(.data)
    .data                                    0x4000002c   Section       56  tasks.o(.data)
    uxTasksDeleted                           0x40000030   Data           4  tasks.o(.data)
    uxCurrentNumberOfTasks                   0x40000034   Data           4  tasks.o(.data)
    xTickCount                               0x40000038   Data           4  tasks.o(.data)
    uxTopUsedPriority                        0x4000003c   Data           4  tasks.o(.data)
    uxTopReadyPriority                       0x40000040   Data           4  tasks.o(.data)
    xSchedulerRunning                        0x40000044   Data           4  tasks.o(.data)
    uxSchedulerSuspended                     0x40000048   Data           4  tasks.o(.data)
    uxMissedTicks                            0x4000004c   Data           4  tasks.o(.data)
    xMissedYield                             0x40000050   Data           4  tasks.o(.data)
    xNumOfOverflows                          0x40000054   Data           4  tasks.o(.data)
    uxTaskNumber                             0x40000058   Data           4  tasks.o(.data)
    pxDelayedTaskList                        0x4000005c   Data           4  tasks.o(.data)
    pxOverflowDelayedTaskList                0x40000060   Data           4  tasks.o(.data)
    .data                                    0x40000064   Section       24  heap_2.o(.data)
    xFreeBytesRemaining                      0x40000064   Data           4  heap_2.o(.data)
    xHeapHasBeenInitialised                  0x40000068   Data           4  heap_2.o(.data)
    xStart                                   0x4000006c   Data           8  heap_2.o(.data)
    xEnd                                     0x40000074   Data           8  heap_2.o(.data)
    .data                                    0x4000007c   Section        8  port.o(.data)
    .bss                                     0x40000084   Section       11  main.o(.bss)
    .bss                                     0x40000090   Section      180  tasks.o(.bss)
    pxReadyTasksLists                        0x40000090   Data          80  tasks.o(.bss)
    xDelayedTaskList1                        0x400000e0   Data          20  tasks.o(.bss)
    xDelayedTaskList2                        0x400000f4   Data          20  tasks.o(.bss)
    xPendingReadyList                        0x40000108   Data          20  tasks.o(.bss)
    xTasksWaitingTermination                 0x4000011c   Data          20  tasks.o(.bss)
    xSuspendedTaskList                       0x40000130   Data          20  tasks.o(.bss)
    .bss                                     0x40000148   Section    20480  heap_2.o(.bss)
    xHeap                                    0x40000148   Data       20480  heap_2.o(.bss)
    .bss                                     0x40005148   Section       96  libspace.o(.bss)
    HEAP                                     0x400051a8   Section        0  lpc2300.o(HEAP)
    STACK                                    0x400051a8   Section     1288  lpc2300.o(STACK)
    Heap_Mem                                 0x400051a8   Data           0  lpc2300.o(HEAP)
    Stack_Mem                                0x400051a8   Data        1288  lpc2300.o(STACK)
    Stack_Top                                0x400056b0   Data           0  lpc2300.o(STACK)

    Global Symbols

    Symbol Name                              Value     Ov Type        Size  Object(Section)

    BuildAttributes$$THM_ISAv1$ARM_ISAv4$S$PE$A:L22$X:L11$S22$IEEE1$IW$USESV6$~STKCKD$USESV7$~SHL$OSPACE$ROPI$EBA8$UX$STANDARDLIB$REQ8$EABIv2 0x00000000   Number         0  anon$$obj.o ABSOLUTE
    __ARM_use_no_argv                        0x00000000   Number         0  main.o ABSOLUTE
    __ARM_exceptions_init                     - Undefined Weak Reference
    __alloca_initialize                       - Undefined Weak Reference
    __cpp_initialize__aeabi_                  - Undefined Weak Reference
    __cxa_finalize                            - Undefined Weak Reference
    __rt_locale                               - Undefined Weak Reference
    __sigvec_lookup                           - Undefined Weak Reference
    _atexit_init                              - Undefined Weak Reference
    _call_atexit_fns                          - Undefined Weak Reference
    _clock_init                               - Undefined Weak Reference
    _fp_trap_init                             - Undefined Weak Reference
    _fp_trap_shutdown                         - Undefined Weak Reference
    _get_lc_collate                           - Undefined Weak Reference
    _get_lc_ctype                             - Undefined Weak Reference
    _get_lc_monetary                          - Undefined Weak Reference
    _get_lc_numeric                           - Undefined Weak Reference
    _get_lc_time                              - Undefined Weak Reference
    _getenv_init                              - Undefined Weak Reference
    _handle_redirection                       - Undefined Weak Reference
    _init_alloc                               - Undefined Weak Reference
    _init_user_alloc                          - Undefined Weak Reference
    _initio                                   - Undefined Weak Reference
    _rand_init                                - Undefined Weak Reference
    _signal_finish                            - Undefined Weak Reference
    _signal_init                              - Undefined Weak Reference
    _terminate_alloc                          - Undefined Weak Reference
    _terminate_user_alloc                     - Undefined Weak Reference
    _terminateio                              - Undefined Weak Reference
    Reset_Handler                            0x00000058   ARM Code       0  lpc2300.o(RESET)
    __main                                   0x00000228   ARM Code       8  __main.o(!!!main)
    __scatterload                            0x00000230   ARM Code       0  __scatter.o(!!!scatter)
    __scatterload_rt2                        0x00000230   ARM Code      52  __scatter.o(!!!scatter)
    __scatterload_null                       0x00000244   ARM Code       0  __scatter.o(!!!scatter)
    __scatterload_copy                       0x0000026c   ARM Code      40  __scatter_copy.o(!!handler_copy)
    __scatterload_zeroinit                   0x00000294   ARM Code      44  __scatter_zi.o(!!handler_zi)
    Inline ARM to Thumb Veneer to __rt_lib_init 0x000002c0   ARM Code       8  libinit.o(.ARM.Collect$$libinit$$00000000)
    __rt_lib_init                            0x000002c9   Thumb Code     0  libinit.o(.ARM.Collect$$libinit$$00000000)
    __rt_lib_init_alloca_1                   0x000002cf   Thumb Code     0  libinit2.o(.ARM.Collect$$libinit$$0000002A)
    __rt_lib_init_argv_1                     0x000002cf   Thumb Code     0  libinit2.o(.ARM.Collect$$libinit$$00000028)
    __rt_lib_init_atexit_1                   0x000002cf   Thumb Code     0  libinit2.o(.ARM.Collect$$libinit$$00000017)
    __rt_lib_init_clock_1                    0x000002cf   Thumb Code     0  libinit2.o(.ARM.Collect$$libinit$$0000001D)
    __rt_lib_init_cpp_1                      0x000002cf   Thumb Code     0  libinit2.o(.ARM.Collect$$libinit$$0000002E)
    __rt_lib_init_exceptions_1               0x000002cf   Thumb Code     0  libinit2.o(.ARM.Collect$$libinit$$0000002C)
    __rt_lib_init_fp_trap_1                  0x000002cf   Thumb Code     0  libinit2.o(.ARM.Collect$$libinit$$0000001B)
    __rt_lib_init_getenv_1                   0x000002cf   Thumb Code     0  libinit2.o(.ARM.Collect$$libinit$$0000001F)
    __rt_lib_init_heap_1                     0x000002cf   Thumb Code     0  libinit2.o(.ARM.Collect$$libinit$$00000006)
    __rt_lib_init_lc_collate_1               0x000002cf   Thumb Code     0  libinit2.o(.ARM.Collect$$libinit$$0000000D)
    __rt_lib_init_lc_ctype_1                 0x000002cf   Thumb Code     0  libinit2.o(.ARM.Collect$$libinit$$0000000F)
    __rt_lib_init_lc_monetary_1              0x000002cf   Thumb Code     0  libinit2.o(.ARM.Collect$$libinit$$00000011)
    __rt_lib_init_lc_numeric_1               0x000002cf   Thumb Code     0  libinit2.o(.ARM.Collect$$libinit$$00000013)
    __rt_lib_init_lc_time_1                  0x000002cf   Thumb Code     0  libinit2.o(.ARM.Collect$$libinit$$00000015)
    __rt_lib_init_rand_1                     0x000002cf   Thumb Code     0  libinit2.o(.ARM.Collect$$libinit$$0000000A)
    __rt_lib_init_return                     0x000002cf   Thumb Code     0  libinit2.o(.ARM.Collect$$libinit$$0000002F)
    __rt_lib_init_signal_1                   0x000002cf   Thumb Code     0  libinit2.o(.ARM.Collect$$libinit$$00000019)
    __rt_lib_init_stdio_1                    0x000002cf   Thumb Code     0  libinit2.o(.ARM.Collect$$libinit$$00000021)
    __rt_lib_init_user_alloc_1               0x000002cf   Thumb Code     0  libinit2.o(.ARM.Collect$$libinit$$00000008)
    Inline ARM to Thumb Veneer to __rt_lib_shutdown 0x000002dc   ARM Code       8  libshutdown.o(.ARM.Collect$$libshutdown$$00000000)
    __rt_lib_shutdown                        0x000002e5   Thumb Code     0  libshutdown.o(.ARM.Collect$$libshutdown$$00000000)
    __rt_lib_shutdown_fp_trap_1              0x000002e9   Thumb Code     0  libshutdown2.o(.ARM.Collect$$libshutdown$$00000006)
    __rt_lib_shutdown_heap_1                 0x000002e9   Thumb Code     0  libshutdown2.o(.ARM.Collect$$libshutdown$$0000000E)
    __rt_lib_shutdown_return                 0x000002e9   Thumb Code     0  libshutdown2.o(.ARM.Collect$$libshutdown$$0000000F)
    __rt_lib_shutdown_signal_1               0x000002e9   Thumb Code     0  libshutdown2.o(.ARM.Collect$$libshutdown$$00000009)
    __rt_lib_shutdown_stdio_1                0x000002e9   Thumb Code     0  libshutdown2.o(.ARM.Collect$$libshutdown$$00000003)
    __rt_lib_shutdown_user_alloc_1           0x000002e9   Thumb Code     0  libshutdown2.o(.ARM.Collect$$libshutdown$$0000000B)
    __rt_entry                               0x000002f0   ARM Code       0  rtentry.o(.ARM.Collect$$rtentry$$00000000)
    __rt_entry_presh_1                       0x000002f0   ARM Code       0  rtentry2.o(.ARM.Collect$$rtentry$$00000002)
    __rt_entry_sh                            0x000002f0   ARM Code       0  rtentry4.o(.ARM.Collect$$rtentry$$00000004)
    __rt_entry_li                            0x000002f8   ARM Code       0  rtentry2.o(.ARM.Collect$$rtentry$$0000000A)
    __rt_entry_postsh_1                      0x000002f8   ARM Code       0  rtentry2.o(.ARM.Collect$$rtentry$$00000009)
    __rt_entry_main                          0x000002fc   ARM Code       0  rtentry2.o(.ARM.Collect$$rtentry$$0000000D)
    __rt_entry_postli_1                      0x000002fc   ARM Code       0  rtentry2.o(.ARM.Collect$$rtentry$$0000000C)
    Inline Thumb to ARM Veneer to __rt_exit  0x00000325   Thumb Code     4  rtexit.o(.ARM.Collect$$rtexit$$00000000)
    __rt_exit                                0x00000328   ARM Code       0  rtexit.o(.ARM.Collect$$rtexit$$00000000)
    __rt_exit_ls                             0x0000032c   ARM Code       0  rtexit2.o(.ARM.Collect$$rtexit$$00000003)
    __rt_exit_prels_1                        0x0000032c   ARM Code       0  rtexit2.o(.ARM.Collect$$rtexit$$00000002)
    __rt_exit_exit                           0x00000330   ARM Code       0  rtexit2.o(.ARM.Collect$$rtexit$$00000004)
    __user_initial_stackheap                 0x00000338   ARM Code       0  lpc2300.o(.text)
    lcd_write_4bit                           0x00000448   ARM Code      84  main.o(.text)
    lcd_write_cmd                            0x0000049c   ARM Code      48  main.o(.text)
    lcd_putchar                              0x000004fc   ARM Code      24  main.o(.text)
    lcd_init                                 0x00000514   ARM Code     176  main.o(.text)
    lcd_gotoxy                               0x000005c4   ARM Code      52  main.o(.text)
    lcd_clear                                0x000005f8   ARM Code      32  main.o(.text)
    lcd_puts                                 0x00000618   ARM Code      40  main.o(.text)
    sendchar                                 0x00000640   ARM Code      32  main.o(.text)
    RECEIVED_isr                             0x00000660   ARM Code     232  main.o(.text)
    init_serial                              0x00000748   ARM Code     136  main.o(.text)
    getkey                                   0x000007d0   ARM Code      32  main.o(.text)
    vTaskReceivedChar                        0x000007f0   ARM Code     228  main.o(.text)
    vTaskExIntx                              0x000008d4   ARM Code     120  main.o(.text)
    EXTINTVectoredIRQ                        0x0000094c   ARM Code      64  main.o(.text)
    vInitIntx                                0x0000098c   ARM Code     144  main.o(.text)
    ValueToString                            0x00000a1c   ARM Code     160  main.o(.text)
    vTaskADCIntx                             0x00000abc   ARM Code     108  main.o(.text)
    ADC_isr                                  0x00000b28   ARM Code     112  main.o(.text)
    initADC                                  0x00000b98   ARM Code     216  main.o(.text)
    ADC_read                                 0x00000c70   ARM Code     108  main.o(.text)
    vButtonLedToggle                         0x00000cdc   ARM Code      48  main.o(.text)
    main                                     0x00000d58   ARM Code     156  main.o(.text)
    vSerialTest0                             0x00000df4   ARM Code     120  main.o(.text)
    vRunningText                             0x00000e6c   ARM Code      84  main.o(.text)
    vLCDTest                                 0x00000ec0   ARM Code      76  main.o(.text)
    xTaskGenericCreate                       0x00001080   ARM Code     412  tasks.o(.text)
    vTaskDelete                              0x0000121c   ARM Code     180  tasks.o(.text)
    vTaskIncrementTick                       0x000012d0   ARM Code     312  tasks.o(.text)
    xTaskResumeAll                           0x00001408   ARM Code     344  tasks.o(.text)
    vTaskSuspendAll                          0x00001560   ARM Code      24  tasks.o(.text)
    vTaskDelayUntil                          0x00001578   ARM Code     252  tasks.o(.text)
    vTaskDelay                               0x00001674   ARM Code     160  tasks.o(.text)
    uxTaskPriorityGet                        0x00001714   ARM Code      60  tasks.o(.text)
    vTaskPrioritySet                         0x00001750   ARM Code     252  tasks.o(.text)
    vTaskSuspend                             0x0000184c   ARM Code     124  tasks.o(.text)
    xTaskIsTaskSuspended                     0x000018c8   ARM Code     124  tasks.o(.text)
    vTaskResume                              0x00001944   ARM Code     160  tasks.o(.text)
    xTaskResumeFromISR                       0x000019e4   ARM Code     180  tasks.o(.text)
    vTaskStartScheduler                      0x00001b90   ARM Code     104  tasks.o(.text)
    vTaskEndScheduler                        0x00001bf8   ARM Code      40  tasks.o(.text)
    xTaskGetTickCount                        0x00001c20   ARM Code      32  tasks.o(.text)
    uxTaskGetNumberOfTasks                   0x00001c40   ARM Code      12  tasks.o(.text)
    vTaskSwitchContext                       0x00001c4c   ARM Code     168  tasks.o(.text)
    vTaskPlaceOnEventList                    0x00001cf4   ARM Code     272  tasks.o(.text)
    xTaskRemoveFromEventList                 0x00001e04   ARM Code     192  tasks.o(.text)
    vTaskSetTimeOutState                     0x00001ec4   ARM Code      28  tasks.o(.text)
    xTaskCheckForTimeOut                     0x00001ee0   ARM Code     176  tasks.o(.text)
    vTaskMissedYield                         0x00001f90   ARM Code      16  tasks.o(.text)
    vListInitialise                          0x00001fa0   ARM Code      44  list.o(.text)
    vListInitialiseItem                      0x00001fcc   ARM Code      12  list.o(.text)
    vListInsertEnd                           0x00001fd8   ARM Code      56  list.o(.text)
    vListInsert                              0x00002010   ARM Code      96  list.o(.text)
    vListRemove                              0x00002070   ARM Code      68  list.o(.text)
    pvPortMalloc                             0x000020b4   ARM Code     348  heap_2.o(.text)
    vPortFree                                0x00002210   ARM Code     112  heap_2.o(.text)
    xPortGetFreeHeapSize                     0x00002280   ARM Code      12  heap_2.o(.text)
    vPortInitialiseBlocks                    0x0000228c   ARM Code       4  heap_2.o(.text)
    pxPortInitialiseStack                    0x000022a4   ARM Code     236  port.o(.text)
    xPortStartScheduler                      0x00002408   ARM Code      24  port.o(.text)
    vPortEndScheduler                        0x00002420   ARM Code       4  port.o(.text)
    timer0_isr                               0x00002424   ARM Code      88  port.o(.text)
    vPortEnterCritical                       0x0000247c   ARM Code      36  port.o(.text)
    vPortExitCritical                        0x000024a0   ARM Code      68  port.o(.text)
    __aeabi_memset                           0x00002514   ARM Code      16  aeabi_memset.o(.text)
    strncpy                                  0x00002524   ARM Code     108  strncpy.o(.text)
    __aeabi_idiv                             0x00002594   ARM Code       0  aeabi_sdiv.o(.text)
    __aeabi_idivmod                          0x00002594   ARM Code     384  aeabi_sdiv.o(.text)
    __use_two_region_memory                  0x00002715   Thumb Code     2  heapauxi.o(.text)
    __rt_heap_escrow$2region                 0x00002717   Thumb Code     2  heapauxi.o(.text)
    __rt_heap_expand$2region                 0x00002719   Thumb Code     2  heapauxi.o(.text)
    __aeabi_memclr                           0x0000271c   ARM Code       0  rt_memclr.o(.text)
    __rt_memclr                              0x0000271c   ARM Code      64  rt_memclr.o(.text)
    _memset                                  0x00002720   ARM Code       0  rt_memclr.o(.text)
    __aeabi_memclr4                          0x0000275c   ARM Code       0  rt_memclr_w.o(.text)
    __aeabi_memclr8                          0x0000275c   ARM Code       0  rt_memclr_w.o(.text)
    __rt_memclr_w                            0x0000275c   ARM Code      84  rt_memclr_w.o(.text)
    _memset_w                                0x00002760   ARM Code       0  rt_memclr_w.o(.text)
    __user_setup_stackheap                   0x000027b0   ARM Code      96  sys_stackheap_outer.o(.text)
    exit                                     0x00002811   Thumb Code    12  exit.o(.text)
    __user_libspace                          0x0000281c   ARM Code      12  libspace.o(.text)
    __user_perproc_libspace                  0x0000281c   ARM Code       0  libspace.o(.text)
    __user_perthread_libspace                0x0000281c   ARM Code       0  libspace.o(.text)
    Inline ARM to Thumb Veneer to _sys_exit  0x00002828   ARM Code       8  sys_exit.o(.text)
    _sys_exit                                0x00002831   Thumb Code     8  sys_exit.o(.text)
    __rt_fp_status_addr                      0x0000283c   ARM Code      12  rt_fp_status_addr_intlibspace.o(.text)
    __I$use$semihosting                      0x00002848   ARM Code       0  use_no_semi.o(.text)
    __use_no_semihosting_swi                 0x00002848   ARM Code       4  use_no_semi.o(.text)
    __semihosting_library_function           0x0000284c   ARM Code       0  indicate_semi.o(.text)
    vPortStartFirstTask                      0x0000284c   ARM Code       0  portasm.o(PORT_ASM)
    vPortYield                               0x0000287c   ARM Code       0  portasm.o(PORT_ASM)
    vPortYieldProcessor                      0x00002884   ARM Code       0  portasm.o(PORT_ASM)
    vPreemptiveTick                          0x00002910   ARM Code       0  portasm.o(PORT_ASM)
    Inline Thumb to ARM Veneer to _fp_init   0x000029d1   Thumb Code     4  fpinit.o(x$fpl$fpinit)
    _fp_init                                 0x000029d4   ARM Code      24  fpinit.o(x$fpl$fpinit)
    __fplib_config_pureend_doubles           0x000029e4   ARM Code       0  fpinit.o(x$fpl$fpinit)
    UserFont                                 0x000029ec   Data          64  main.o(.constdata)
    Region$$Table$$Base                      0x00002a2c   Number         0  anon$$obj.o(Region$$Table)
    Region$$Table$$Limit                     0x00002a4c   Number         0  anon$$obj.o(Region$$Table)
    i                                        0x40000000   Data           4  main.o(.data)
    m                                        0x40000004   Data           4  main.o(.data)
    xhUARTInt                                0x40000008   Data           4  main.o(.data)
    ch                                       0x4000000c   Data           1  main.o(.data)
    xhExInt                                  0x40000010   Data           4  main.o(.data)
    xhADCInt                                 0x40000014   Data           4  main.o(.data)
    val                                      0x40000018   Data           4  main.o(.data)
    strVal                                   0x4000001c   Data           5  main.o(.data)
    xqh                                      0x40000024   Data           4  main.o(.data)
    xth0                                     0x40000028   Data           4  main.o(.data)
    pxCurrentTCB                             0x4000002c   Data           4  tasks.o(.data)
    ulCriticalNesting                        0x4000007c   Data           4  port.o(.data)
    x                                        0x40000080   Data           4  port.o(.data)
    strDisplay                               0x40000084   Data          11  main.o(.bss)
    __libspace_start                         0x40005148   Data          96  libspace.o(.bss)
    __temporary_stack_top$libspace           0x400051a8   Data           0  libspace.o(.bss)



==============================================================================

Memory Map of the image

  Image Entry point : 0x00000228

  Load Region LR_IROM1 (Base: 0x00000000, Size: 0x00002ad0, Max: 0x00080000, ABSOLUTE)

    Execution Region ER_IROM1 (Base: 0x00000000, Size: 0x00002a4c, Max: 0x00080000, ABSOLUTE)

    Base Addr    Size         Type   Attr      Idx    E Section Name        Object

    0x00000000   0x00000228   Code   RO            3    RESET               lpc2300.o
    0x00000228   0x00000008   Code   RO          324  * !!!main             c_t.l(__main.o)
    0x00000230   0x0000003c   Code   RO          499    !!!scatter          c_t.l(__scatter.o)
    0x0000026c   0x00000028   Code   RO          501    !!handler_copy      c_t.l(__scatter_copy.o)
    0x00000294   0x0000002c   Code   RO          503    !!handler_zi        c_t.l(__scatter_zi.o)
    0x000002c0   0x00000008   Ven    RO          367    .ARM.Collect$$libinit$$00000000  c_t.l(libinit.o)
    0x000002c8   0x00000006   Code   RO          367    .ARM.Collect$$libinit$$00000000  c_t.l(libinit.o)
    0x000002ce   0x00000000   Code   RO          381    .ARM.Collect$$libinit$$00000006  c_t.l(libinit2.o)
    0x000002ce   0x00000000   Code   RO          383    .ARM.Collect$$libinit$$00000008  c_t.l(libinit2.o)
    0x000002ce   0x00000000   Code   RO          385    .ARM.Collect$$libinit$$0000000A  c_t.l(libinit2.o)
    0x000002ce   0x00000000   Code   RO          388    .ARM.Collect$$libinit$$0000000D  c_t.l(libinit2.o)
    0x000002ce   0x00000000   Code   RO          390    .ARM.Collect$$libinit$$0000000F  c_t.l(libinit2.o)
    0x000002ce   0x00000000   Code   RO          392    .ARM.Collect$$libinit$$00000011  c_t.l(libinit2.o)
    0x000002ce   0x00000000   Code   RO          394    .ARM.Collect$$libinit$$00000013  c_t.l(libinit2.o)
    0x000002ce   0x00000000   Code   RO          396    .ARM.Collect$$libinit$$00000015  c_t.l(libinit2.o)
    0x000002ce   0x00000000   Code   RO          398    .ARM.Collect$$libinit$$00000017  c_t.l(libinit2.o)
    0x000002ce   0x00000000   Code   RO          400    .ARM.Collect$$libinit$$00000019  c_t.l(libinit2.o)
    0x000002ce   0x00000000   Code   RO          402    .ARM.Collect$$libinit$$0000001B  c_t.l(libinit2.o)
    0x000002ce   0x00000000   Code   RO          404    .ARM.Collect$$libinit$$0000001D  c_t.l(libinit2.o)
    0x000002ce   0x00000000   Code   RO          406    .ARM.Collect$$libinit$$0000001F  c_t.l(libinit2.o)
    0x000002ce   0x00000000   Code   RO          408    .ARM.Collect$$libinit$$00000021  c_t.l(libinit2.o)
    0x000002ce   0x00000000   Code   RO          412    .ARM.Collect$$libinit$$00000028  c_t.l(libinit2.o)
    0x000002ce   0x00000000   Code   RO          414    .ARM.Collect$$libinit$$0000002A  c_t.l(libinit2.o)
    0x000002ce   0x00000000   Code   RO          416    .ARM.Collect$$libinit$$0000002C  c_t.l(libinit2.o)
    0x000002ce   0x00000000   Code   RO          418    .ARM.Collect$$libinit$$0000002E  c_t.l(libinit2.o)
    0x000002ce   0x0000000c   Code   RO          419    .ARM.Collect$$libinit$$0000002F  c_t.l(libinit2.o)
    0x000002da   0x00000002   PAD
    0x000002dc   0x00000008   Ven    RO          457    .ARM.Collect$$libshutdown$$00000000  c_t.l(libshutdown.o)
    0x000002e4   0x00000004   Code   RO          457    .ARM.Collect$$libshutdown$$00000000  c_t.l(libshutdown.o)
    0x000002e8   0x00000000   Code   RO          484    .ARM.Collect$$libshutdown$$00000003  c_t.l(libshutdown2.o)
    0x000002e8   0x00000000   Code   RO          487    .ARM.Collect$$libshutdown$$00000006  c_t.l(libshutdown2.o)
    0x000002e8   0x00000000   Code   RO          490    .ARM.Collect$$libshutdown$$00000009  c_t.l(libshutdown2.o)
    0x000002e8   0x00000000   Code   RO          492    .ARM.Collect$$libshutdown$$0000000B  c_t.l(libshutdown2.o)
    0x000002e8   0x00000000   Code   RO          495    .ARM.Collect$$libshutdown$$0000000E  c_t.l(libshutdown2.o)
    0x000002e8   0x00000006   Code   RO          496    .ARM.Collect$$libshutdown$$0000000F  c_t.l(libshutdown2.o)
    0x000002ee   0x00000002   PAD
    0x000002f0   0x00000000   Code   RO          326    .ARM.Collect$$rtentry$$00000000  c_t.l(rtentry.o)
    0x000002f0   0x00000000   Code   RO          336    .ARM.Collect$$rtentry$$00000002  c_t.l(rtentry2.o)
    0x000002f0   0x00000008   Code   RO          348    .ARM.Collect$$rtentry$$00000004  c_t.l(rtentry4.o)
    0x000002f8   0x00000000   Code   RO          338    .ARM.Collect$$rtentry$$00000009  c_t.l(rtentry2.o)
    0x000002f8   0x00000004   Code   RO          339    .ARM.Collect$$rtentry$$0000000A  c_t.l(rtentry2.o)
    0x000002fc   0x00000000   Code   RO          341    .ARM.Collect$$rtentry$$0000000C  c_t.l(rtentry2.o)
    0x000002fc   0x00000028   Code   RO          342    .ARM.Collect$$rtentry$$0000000D  c_t.l(rtentry2.o)
    0x00000324   0x00000004   Ven    RO          371    .ARM.Collect$$rtexit$$00000000  c_t.l(rtexit.o)
    0x00000328   0x00000004   Code   RO          371    .ARM.Collect$$rtexit$$00000000  c_t.l(rtexit.o)
    0x0000032c   0x00000000   Code   RO          425    .ARM.Collect$$rtexit$$00000002  c_t.l(rtexit2.o)
    0x0000032c   0x00000004   Code   RO          426    .ARM.Collect$$rtexit$$00000003  c_t.l(rtexit2.o)
    0x00000330   0x00000008   Code   RO          427    .ARM.Collect$$rtexit$$00000004  c_t.l(rtexit2.o)
    0x00000338   0x00000020   Code   RO            4    .text               lpc2300.o
    0x00000358   0x00000bdc   Code   RO           51    .text               main.o
    0x00000f34   0x0000106c   Code   RO          113    .text               tasks.o
    0x00001fa0   0x00000114   Code   RO          145    .text               list.o
    0x000020b4   0x000001f0   Code   RO          157    .text               heap_2.o
    0x000022a4   0x00000270   Code   RO          172    .text               port.o
    0x00002514   0x00000010   Code   RO          302    .text               c_t.l(aeabi_memset.o)
    0x00002524   0x00000070   Code   RO          304    .text               c_t.l(strncpy.o)
    0x00002594   0x00000180   Code   RO          306    .text               c_t.l(aeabi_sdiv.o)
    0x00002714   0x00000006   Code   RO          322    .text               c_t.l(heapauxi.o)
    0x0000271a   0x00000002   PAD
    0x0000271c   0x00000040   Code   RO          333    .text               c_t.l(rt_memclr.o)
    0x0000275c   0x00000054   Code   RO          352    .text               c_t.l(rt_memclr_w.o)
    0x000027b0   0x00000060   Code   RO          354    .text               c_t.l(sys_stackheap_outer.o)
    0x00002810   0x0000000c   Code   RO          356    .text               c_t.l(exit.o)
    0x0000281c   0x0000000c   Code   RO          368    .text               c_t.l(libspace.o)
    0x00002828   0x00000008   Ven    RO          422    .text               c_t.l(sys_exit.o)
    0x00002830   0x0000000c   Code   RO          422    .text               c_t.l(sys_exit.o)
    0x0000283c   0x0000000c   Code   RO          434    .text               c_t.l(rt_fp_status_addr_intlibspace.o)
    0x00002848   0x00000004   Code   RO          446    .text               c_t.l(use_no_semi.o)
    0x0000284c   0x00000000   Code   RO          448    .text               c_t.l(indicate_semi.o)
    0x0000284c   0x00000184   Code   RO          187    PORT_ASM            portasm.o
    0x000029d0   0x00000004   Ven    RO          420    x$fpl$fpinit        fz_ts.l(fpinit.o)
    0x000029d4   0x00000018   Code   RO          420    x$fpl$fpinit        fz_ts.l(fpinit.o)
    0x000029ec   0x00000040   Data   RO           53    .constdata          main.o
    0x00002a2c   0x00000020   Data   RO          497    Region$$Table       anon$$obj.o


    Execution Region RW_IRAM1 (Base: 0x40000000, Size: 0x000056b0, Max: 0x00008000, ABSOLUTE)

    Base Addr    Size         Type   Attr      Idx    E Section Name        Object

    0x40000000   0x0000002c   Data   RW           54    .data               main.o
    0x4000002c   0x00000038   Data   RW          115    .data               tasks.o
    0x40000064   0x00000018   Data   RW          159    .data               heap_2.o
    0x4000007c   0x00000008   Data   RW          173    .data               port.o
    0x40000084   0x0000000b   Zero   RW           52    .bss                main.o
    0x4000008f   0x00000001   PAD
    0x40000090   0x000000b4   Zero   RW          114    .bss                tasks.o
    0x40000144   0x00000004   PAD
    0x40000148   0x00005000   Zero   RW          158    .bss                heap_2.o
    0x40005148   0x00000060   Zero   RW          369    .bss                c_t.l(libspace.o)
    0x400051a8   0x00000000   Zero   RW            2    HEAP                lpc2300.o
    0x400051a8   0x00000508   Zero   RW            1    STACK               lpc2300.o


==============================================================================

Image component sizes


      Code (inc. data)   RO Data    RW Data    ZI Data      Debug   Object Name

       496         20          0         24      20480       3320   heap_2.o
       276          0          0          0          0       1625   list.o
       584         92          0          0       1288        520   lpc2300.o
      3036        152         64         44         11      14818   main.o
         0          0          0          0          0       3100   partest.o
       624         48          0          8          0       1980   port.o
       388         24          0          0          0        280   portasm.o
      4204         92          0         56        180      11437   tasks.o

    ----------------------------------------------------------------------
      9608        428         96        132      21964      37080   Object Totals
         0          0         32          0          0          0   (incl. Generated)
         0          0          0          0          5          0   (incl. Padding)

    ----------------------------------------------------------------------

      Code (inc. data)   RO Data    RW Data    ZI Data      Debug   Library Member Name

         8          0          0          0          0         68   __main.o
        60          8          0          0          0          0   __scatter.o
        40          0          0          0          0          0   __scatter_copy.o
        44          0          0          0          0          0   __scatter_zi.o
        16          0          0          0          0         68   aeabi_memset.o
       384          0          0          0          0         80   aeabi_sdiv.o
        12          0          0          0          0         64   exit.o
         6          0          0          0          0        136   heapauxi.o
         0          0          0          0          0          0   indicate_semi.o
        14          0          0          0          0          0   libinit.o
        12          0          0          0          0          0   libinit2.o
        12          0          0          0          0          0   libshutdown.o
         6          0          0          0          0          0   libshutdown2.o
        12          4          0          0         96         68   libspace.o
        12          4          0          0          0         68   rt_fp_status_addr_intlibspace.o
        64          0          0          0          0         68   rt_memclr.o
        84          0          0          0          0         80   rt_memclr_w.o
         0          0          0          0          0          0   rtentry.o
        44          4          0          0          0          0   rtentry2.o
         8          0          0          0          0          0   rtentry4.o
         8          0          0          0          0          0   rtexit.o
        12          0          0          0          0          0   rtexit2.o
       112          4          0          0          0         84   strncpy.o
        20          4          0          0          0         60   sys_exit.o
        96          0          0          0          0         80   sys_stackheap_outer.o
         4          0          0          0          0         68   use_no_semi.o
        28          0          0          0          0         80   fpinit.o

    ----------------------------------------------------------------------
      1124         28          0          0         96       1072   Library Totals
         6          0          0          0          0          0   (incl. Padding)

    ----------------------------------------------------------------------

      Code (inc. data)   RO Data    RW Data    ZI Data      Debug   Library Name

      1090         28          0          0         96        992   c_t.l
        28          0          0          0          0         80   fz_ts.l

    ----------------------------------------------------------------------
      1124         28          0          0         96       1072   Library Totals

    ----------------------------------------------------------------------

==============================================================================


      Code (inc. data)   RO Data    RW Data    ZI Data      Debug   

     10732        456         96        132      22060      36920   Grand Totals
     10732        456         96        132      22060      36920   ELF Image Totals
     10732        456         96        132          0          0   ROM Totals

==============================================================================

    Total RO  Size (Code + RO Data)                10828 (  10.57kB)
    Total RW  Size (RW Data + ZI Data)             22192 (  21.67kB)
    Total ROM Size (Code + RO Data + RW Data)      10960 (  10.70kB)

==============================================================================

